╭───Add ───────────────────────────────────────────────────────────────────────╮
│  [1 Sou..]  [2 Typ..]  [3 Dis..]  [4 Heu..]  [5 Rev..]  [6 Exe..]            │
╰──────────────────────────────────────────────────────────────────────────────╯
  Split monolithic rule files?                              Back      Next

  Detected monolithic rule files. Choose per rule:

  > CLAUDE  [◉ Split into 5 sections (H2)] [◯ Import as single rule]
    AGENTS  [◯ Split into 3 sections (H2)] [◉ Import as single rule]

  [↑/↓] navigate  [←/→] set choice  [space] toggle  [enter] next  [esc] back


















