╭───Add ───────────────────────────────────────────────────────────────────────╮
│  [1 Source]  [2 Discovery]  [3 Heuristic]  [4 Review]  [5 Execute]           │
╰──────────────────────────────────────────────────────────────────────────────╯
  Review split candidates                                   Back      Next

╭───────────────────────────────────┬──────────────────────────────────────────╮
│  ── CLAUDE.md ── 3 cands ──       │ section-a                                │
│  > ◉ section-a                    │ Section A                                │
│    ◉ section-b                    │ ──────────────────────────────────────── │
│    ◉ section-c                    │                                          │
│                                   │                                          │
│                                   │                                          │
│                                   │                                          │
│                                   │                                          │
│                                   │                                          │
│                                   │                                          │
│                                   │                                          │
│                                   │                                          │
│                                   │                                          │
│                                   │                                          │
│                                   │                                          │
│                                   │                                          │
│                                   │                                          │
│                                   │                                          │
│                                   │                                          │
│                                   │                                          │
│                                   │                                          │
│                                   │                                          │
│                                   │                                          │
╰───────────────────────────────────┴──────────────────────────────────────────╯
  [↑/↓] navigate  [space] toggle  [r] rename  [enter] next  [esc] back