╭───Add ───────────────────────────────────────────────────╮
│  [1 Sou..]  [2 Dis..]  [3 Heu..]  [4 Rev..]  [5 Exe..]   │
╰──────────────────────────────────────────────────────────╯
  Review split candidates               Back      Next

╭──────────────────────────┬───────────────────────────────╮
│  ── CLAUDE.md ── 3 cands │ section-a                     │
│  > ◉ section-a           │ Section A                     │
│    ◉ section-b           │ ───────────────────────────── │
│    ◉ section-c           │                               │
│                          │                               │
│                          │                               │
│                          │                               │
│                          │                               │
│                          │                               │
│                          │                               │
│                          │                               │
│                          │                               │
│                          │                               │
╰──────────────────────────┴───────────────────────────────╯
  [↑/↓] navigate  [space] toggle  [r] rename  [enter] next  [esc] back