╭───Add ───────────────────────────────────────────────────╮
│  [1 Sou..]  [2 Dis..]  [3 Heu..]  [4 Rev..]  [5 Exe..]   │
╰──────────────────────────────────────────────────────────╯
  Select monolithic rule files to import   Back      Next

  > ◯ CLAUDE.md   42L  5H2  [project]
    ◯ AGENTS.md   30L  3H2  [project]  ✓ in library
    ◯ GEMINI.md   50L  6H2  [global]

  0 of 3 selected — [space] toggle  [a] all  [n] none  [enter] next  [esc] back









