╭───Add ───────────────────────────────────────────────────────────────────────╮
│  [1 Source]  [2 Discovery]  [3 Heuristic]  [4 Review]  [5 Execute]           │
╰──────────────────────────────────────────────────────────────────────────────╯
  Review split candidates                                   Back      Next

  ── CLAUDE.md ── 3 candidates ──
  > ◉ section-a  —  Section A
    ◉ section-b  —  Section B
    ◉ section-c  —  Section C

  [↑/↓] navigate  [space] toggle  [r] rename  [enter] next  [esc] back


















