╭───Add ───────────────────────────────────────────────────────────────────────────────────────────────────────────────╮
│  [1 Source]  [2 Type]  [3 Discovery]  [4 Heuristic]  [5 Review]  [6 Execute]                                         │
╰──────────────────────────────────────────────────────────────────────────────────────────────────────────────────────╯
  Split monolithic rule files?                                                                      Back      Next

  Detected monolithic rule files. Choose per rule:

  > CLAUDE  [◉ Split into 5 sections (H2)] [◯ Import as single rule]
    AGENTS  [◯ Split into 3 sections (H2)] [◉ Import as single rule]

  [↑/↓] navigate  [←/→] set choice  [space] toggle  [enter] next  [esc] back




























