╭───Add ───────────────────────────────────────────────────╮
│  [1 Sou..]  [2 Dis..]  [3 Heu..]  [4 Rev..]  [5 Exe..]   │
╰──────────────────────────────────────────────────────────╯
  How should we split these files?      Back      Next

  > ◉ By H2 (default)
    ◯ By H3
    ◯ By H4
    ◯ By literal marker
    ◯ Import as single rule

  [↑/↓] navigate  [enter] next  [esc] back







