╭───Add ───────────────────────────────────────────────────╮
│  [1 Sou..]  [2 Typ..]  [3 Dis..]  [4 Heu..]  [5 Rev..]  [│
╰──────────────────────────────────────────────────────────╯
  Split monolithic rule files?          Back      Next

  Detected monolithic rule files. Choose per rule:

  > ◉ CLAUDE  —  split into 5 sections (H2)
    ◯ AGENTS  —  import as single rule

  [↑/↓] navigate  [space] toggle  [enter] next  [esc] back








