╭──syllago─────────────────────────────────────────────────────────────────────╮
│               [1] Content      [2] Collections      [3] Config               │
├──────────────────────────────────────────────────────────────────────────────┤
│   Library     Registries     Loadouts              [a] Add      [n] Create   │
╰──────────────────────────────────────────────────────────────────────────────╯










                               No content loaded.

                       Phase 3 adds the explorer layout.











1/2/3 groups * h/l tabs * a add * n create * ? help         syllago v0.0.0-test