╭──syllago─────────────────────────────────────────────────────────────────────╮
│                  1 Content      2 Collections      3 Config                  │
├──────────────────────────────────────────────────────────────────────────────┤
│   Library     Registries     Loadouts                    + Add      Create   │
╰──────────────────────────────────────────────────────────────────────────────╯










                               No content loaded.

                       Phase 3 adds the explorer layout.











1/2/3 groups * h/l tabs * ? help * q quit                   syllago v0.0.0-test