Home > Skills

    Name         Description                          Provider
    ───────────  ───────────────────────────────────  ────────
  > alpha-skill  A helpful skill
    beta-skill   Another skill
    local-skill  [LOCAL] A local skill with LLM p...

up/down navigate • enter detail • esc back • / search