╭────────────────────────────────────────╮
│                                        │
│  Confirm Uninstall                     │
│                                        │
│  Remove alpha-skill from all           │
│  providers?                            │
│                                        │
│                                        │
│                                        │
│                                        │
│           Confirm    ▸  Cancel         │
│                                        │
╰────────────────────────────────────────╯