syllago           │
                  │
  AI Tools        │
▸ Skills        3 │
  Agents        1 │
  Prompts       1 │
  MCP Configs   1 │
  Apps          1 │
  Rules         1 │
  Hooks         1 │
  Commands      1 │
  Loadouts      0 │
  Library       1 │
  ─────────────   │
  Configuration   │
  Add             │
  Update          │
  Settings        │
  Registries      │
  Sandbox         │
                  │
                  │
                  │
                  │
                  │
                  │
                  │
                  │
                  │
           v1.0.0 │