Home > Skills > alpha-skill

 Files  |  Install
Type: Skills
Path: <TESTDIR>/skills/alpha-skill
Providers: Claude Code
────────────────────────────────────────────────────────────────────────────────

Files│Preview
  > SKILL.md│   1 # alpha-skill
    helpers.md│   2 A helpful skill
│
                                │
                                │
                                │
                                │
                                │
                                │
                                │
                                │
                                │
                                │
                                │
                                │
                                │
(1 lines below)