Home > Skills

    Name                                                                        Description  Provider
    ──────────────────────────────────────────────────────────────────────────  ──────────  ────────
  > extremely-long-skill-name-that-should-be-truncated-in-narrow-terminals-000
    skill-001                                                                   Descrip...
    skill-002                                                                   Descrip...
    skill-003                                                                   Descrip...
    skill-004                                                                   Descrip...
    skill-with-dashes-and-123                                                   Descrip...
    skill-006                                                                   Descrip...
    skill-007                                                                   Long de...
    skill-008                                                                   Descrip...
    skill-009                                                                   Descrip...
    extremely-long-skill-name-that-should-be-truncated-in-narrow-terminals-010  Descrip...
    skill-011                                                                   Descrip...
    skill-012                                                                   Descrip...
    skill-013
    skill-014                                                                   Long de...
    skill-015                                                                   Descrip...
    skill-016                                                                   Descrip...
    skill-017                                                                   Descrip...
    skill-018                                                                   Descrip...
    skill-019                                                                   Descrip...
    extremely-long-skill-name-that-should-be-truncated-in-narrow-terminals-020  Descrip...
    skill-021                                                                   Long de...
    skill-022                                                                   Descrip...
  (27 more below)
