Home > Skills > alpha-skill

 Overview  |  Files  |  Install
Type: Skills
Path: <TESTDIR>/skills/alpha-skill
Providers: Claude Code
────────────────────────────────────────────────────────────────────────────────


  # alpha-skill

  Readme body for alpha-skill


esc back • tab switch tab • up/down scroll • ctrl+n/p next/prev