╭────────────────────────────────────────╮
│                                        │
│  Confirm Uninstall                     │
│                                        │
│  Remove alpha-skill from all           │
│  providers?                            │
│                                        │
│  [Enter/y] Confirm   [Esc/n] Cancel    │
│                                        │
╰────────────────────────────────────────╯