╭──syllago────────────────────────────────────────────────────────────────[?]──╮
│               [1] Collections      [2] Content      [3] Config               │
├──────────────────────────────────────────────────────────────────────────────┤
│   Settings     Sandbox     System                                            │
│                                                                              │
╰──────────────────────────────────────────────────────────────────────────────╯
   Doctor     Providers









                            Running diagnostics...









1/2/3 groups · tab items · R refresh · ? help · q quit      syllago v0.0.0-test