╭──syllago─────────────────────────────────────────────────────────────────────╮
│               [1] Collections      [2] Content      [3] Config               │
├──────────────────────────────────────────────────────────────────────────────┤
│   Skills     Agents     MCP     Rules     Hooks     Commands     [a] Add      [n] Create   │
╰──────────────────────────────────────────────────────────────────────────────╯
╭──────────────────────────────────────────────────────────────────────────────╮
│                                                                              │
│                                                                              │
│                                                                              │
├───────────────────────────┬──────────────────────────────────────────────────┤
│                           │                                                  │
│                           │                                                  │
│                           │                                                  │
│                           │                                                  │
│                           │                                                  │
│                           │                                                  │
│                           │                                                  │
│                           │                                                  │
│      No items found.      │            Select an item to preview             │
│                           │                                                  │
│                           │                                                  │
│                           │                                                  │
│                           │                                                  │
│                           │                                                  │
│                           │                                                  │
│                           │                                                  │
│                           │                                                  │
╰───────────────────────────┴──────────────────────────────────────────────────╯
1/2/3 groups · tab items · ↑/↓ navigate · ←/→ switch pane   syllago v0.0.0-test
enter detail · r rename · a add · n create · ? help · q quit