╭──syllago─────────────────────────────────────────────────────────────────────╮
│               [1] Collections      [2] Content      [3] Config               │
├──────────────────────────────────────────────────────────────────────────────┤
│   Skills     Agents     MCP     Rules     Hooks     Commands     [n] Create   │
│                                                                              │
╰──────────────────────────────────────────────────────────────────────────────╯
╭──────────────────────────────────────────────────────────────────────────────╮
│ alpha-skill                               Type: Skill     Files: 1           │
│ Scope: project   Registry: not in a registry                                 │
│                                                                 [r] Rename   │
├───────────────────────────┬──────────────────────────────────────────────────┤
│ > alpha-skill             │──SKILL.md────────────────────────────────────────│
│   beta-skill              │ 1 Error reading file:                            │
│                           │ 2 reading file SKILL.md: open SKILL.md: no such f│
│                           │                                                  │
│                           │                                                  │
│                           │                                                  │
│                           │                                                  │
│                           │                                                  │
│                           │                                                  │
│                           │                                                  │
│                           │                                                  │
│                           │                                                  │
│                           │                                                  │
│                           │                                                  │
│                           │                                                  │
│                           │                                                  │
╰───────────────────────────┴──────────────────────────────────────────────────╯
1/2/3 groups · tab items · ↑/↓ navigate · ←/→ switch pane   syllago v0.0.0-test
enter detail · r rename · R refresh · n create · ? help · q quit