╭──syllago─────────────────────────────────────────────────────────────────────╮
│               [1] Collections      [2] Content      [3] Config               │
├──────────────────────────────────────────────────────────────────────────────┤
│   Skills     Agents     MCP     Rules     Hooks     Commands     [a] Add      [n] Create   │
╰──────────────────────────────────────────────────────────────────────────────╯
 > alpha-skill              │──SKILL.md─────────────────────────────────────────
   beta-skill               │ 1 Error reading file:
                            │ 2 reading file SKILL.md: open SKILL.md: no such fi
                            │
                            │
                            │
                            │
                            │
                            │
                            │
                            │
                            │
                            │
                            │
                            │
                            │
                            │
                            │
                            │
                            │
                            │
                            │
                            │
                            │
1/2/3 groups * h/l tabs * j/k navigate * tab focus          syllago v0.0.0-test