╭──syllago─────────────────────────────────────────────────────────────────────────────────────────────────────────────╮
│                                   [1] Collections      [2] Content      [3] Config                                   │
├──────────────────────────────────────────────────────────────────────────────────────────────────────────────────────┤
│   Library     Registries     Loadouts                                                      [a] Add      [n] Create   │
╰──────────────────────────────────────────────────────────────────────────────────────────────────────────────────────╯
 > alpha-skill       team-rules [skills]│──SKILL.md─────────────────────────────────────────────────────────────────────
   beta-skill        team-rules [skills]│ 1 Error reading file:
   gamma-rule            library [rules]│ 2 reading file SKILL.md: open SKILL.md: no such file or directory
   delta-agent      my-registry [agents]│
   epsilon-hook       team-rules [hooks]│
   zeta-mcp                library [mcp]│
   eta-command     team-rules [commands]│
                                        │
                                        │
                                        │
                                        │
                                        │
                                        │
                                        │
                                        │
                                        │
                                        │
                                        │
                                        │
                                        │
                                        │
                                        │
                                        │
                                        │
                                        │
                                        │
                                        │
                                        │
                                        │
                                        │
                                        │
                                        │
                                        │
                                        │
1/2/3 groups * h/l tabs * j/k navigate * tab focus * a add * n create * ? help * q quit             syllago v0.0.0-test