syllago           │Home > Skills > alpha-skill
                  │
  AI Tools        │ Overview  |  Files  |  Install
▸ Skills        3 │Type: Skills
  Agents        1 │Path: <TESTDIR>/skills/alpha-skill
  Prompts       1 │Providers: Claude Code
  MCP Configs   1 │────────────────────────────────────────────────────────────────────────────────
  Apps          1 │
  Rules         1 │  > SKILL.md
  Hooks         1 │    README.md
  Commands      1 │
  Loadouts      0 │
  Library       1 │
  ─────────────   │
  Configuration   │
  Add             │
  Update          │
  Settings        │
  Registries      │
  Sandbox         │
                  │







────────────────────────────────────────────────────────────────────────────────
esc back • tab switch tab • up/down navigate • enter view • ctrl+n/p next/prev
Skills > alpha-skill