syllago           │Home > Skills
                  │
  AI Tools        │   Name         Description                                                                  Provider
▸ Skills        3 │   ───────────  ───────────────────────────────────────────────────────────────────────────  ────────
  Agents        1 │ > alpha-skill  A helpful skill
  Prompts       1 │   beta-skill   Another skill
  MCP Configs   1 │   local-skill  [LOCAL] A local skill with LLM prompt
  Apps          1 │
  Rules         1 │up/down navigate • enter detail • esc back • / search
  Hooks         1 │
  Commands      1 │
  Loadouts      0 │
  My Tools      1 │
  ─────────────   │
  Configuration   │
  Import          │
  Update          │
  Settings        │
  Registries      │
  Sandbox         │
                  │

















────────────────────────────────────────────────────────────────────────────────────────────────────────────────────────
/: search   Enter: detail   Esc: sidebar   ?: help   q: quit                                                      Skills