syllago           │Home > Settings
                  │
  Content         │  > Auto-update  off
  Skills        3 │    Registry auto-sync  off
  Agents        1 │
  MCP Configs   1 │ ─────────────────────────────────────────────
  Rules         1 │ Pull updates automatically when a new version is detected on the remote.
  Hooks         1 │
  Commands      1 │
  ─────────────   │ ─────────────────────────────────────────────
  Collections     │
  Library       1 │
  Loadouts      2 │
  Registries      │
  ─────────────   │
  Configuration   │
  Add             │
  Update          │
> Settings        │
  Sandbox         │
                  │
                  │
                  │
                  │
                  │
                  │
                  │
                  │
                  │
                  │
                  │
                  │
                  │
                  │
                  │
                  │
                  │
           v1.0.0 │
────────────────────────────────────────────────────────────────────────────────────────────────────────────────────────
up/down navigate • enter/space toggle • esc back                                                            Settings