syllago           │Home > Skills > extremely-long-skill-name-that-should-be-truncated-in-narrow-terminals-000
                  │
  Content         │ Overview  |  Files  |  Install
> Skills       50 │Type: Skills
  Agents       20 │Path: <TESTDIR>/skills/extremely-long-skill-name-that-should-be-truncated-in-narrow-terminals-000
  MCP Configs  15 │Providers: Claude Code
  Rules         0 │────────────────────────────────────────────────────────────────────────────────
  Hooks         0 │
  Commands      0 │No README.md available for this item.
  ─────────────   │
  Collections     │
  Library       0 │
  Loadouts      0 │
  Registries      │
  ─────────────   │
  Configuration   │
  Add             │
  Update          │
  Settings        │
  Sandbox         │
                  │







────────────────────────────────────────────────────────────────────────────────
esc back • tab switch tab • up/down scroll • ctrl+n/p next/prev Skills >
extremely-long-skill-name-that-should-be-truncated-in-narrow-terminals-000