syllago           │Home > Skills
                  │
  Content         │  No items found
> Skills        0 │
  Agents        0 │
  MCP Configs   0 │
  Rules         0 │
  Hooks         0 │
  Commands      0 │
  ─────────────   │
  Collections     │
  Library       0 │
  Loadouts      0 │
  Registries      │
  ─────────────   │
  Configuration   │
  Add             │
  Update          │
  Settings        │
  Sandbox         │
                  │







────────────────────────────────────────────────────────────────────────────────
/ search • enter detail • a add • esc back • ? help               Skills