syllago           │Home > Loadouts > Create  (10 of 10)
                  │
  Content         │Review & Create
  Skills        3 │
  Agents        1 │  Provider: Claude Code
  MCP Configs   1 │  Name: test-loadout
  Rules         1 │  Destination: Project (loadouts/ in repo)
  Hooks         1 │
  Commands      1 │  No items selected
  ─────────────   │
  Collections     │   Back    Create
  Library       1 │
> Loadouts      2 │
  Registries      │
  ─────────────   │
  Configuration   │
  Add             │
  Update          │
  Settings        │
  Sandbox         │
                  │
                  │
                  │
                  │
                  │
                  │
           v1.0.0 │
────────────────────────────────────────────────────────────────────────────────
left/right buttons • enter confirm • esc back              Loadouts > Create
