syllago           │  Content
                  │
  Content         │╭────────────────────────────────────────────────╮ ╭────────────────────────────────────────────────╮
> Skills        3 ││ Skills (3)                                     │ │ Agents (1)                                     │
  Agents        1 ││ Reusable skill definitions that extend AI tool │ │ Agent configurations with specialized roles    │
  MCP Configs   1 ││ capabilities                                   │ │ and personalities                              │
  Rules         1 │╰────────────────────────────────────────────────╯ ╰────────────────────────────────────────────────╯
  Hooks         1 │╭────────────────────────────────────────────────╮ ╭────────────────────────────────────────────────╮
  Commands      1 ││ MCP Configs (1)                                │ │ Rules (1)                                      │
  ─────────────   ││ Model Context Protocol server configurations   │ │ Rule files that guide AI coding tool behavior  │
  Collections     ││                                                │ │                                                │
  Library       1 │╰────────────────────────────────────────────────╯ ╰────────────────────────────────────────────────╯
  Loadouts      0 │╭────────────────────────────────────────────────╮ ╭────────────────────────────────────────────────╮
  Registries      ││ Hooks (1)                                      │ │ Commands (1)                                   │
  ─────────────   ││ Event-driven hooks for automation and          │ │ Custom slash commands for AI coding tools      │
  Configuration   ││ validation                                     │ │                                                │
  Add             │╰────────────────────────────────────────────────╯ ╰────────────────────────────────────────────────╯
  Update          │
  Settings        │  Collections
  Sandbox         │
                  │╭────────────────────────────────────────────────╮ ╭────────────────────────────────────────────────╮
                   │ Library (1)                                    │ │ Loadouts (0)                                   │
                   │ All content across categories in one view      │ │ Curated content bundles for quick session      │
                   │                                                │ │ setup                                          │
                   ╰────────────────────────────────────────────────╯ ╰────────────────────────────────────────────────╯
                   ╭────────────────────────────────────────────────╮
                   │ Registries (0)                                 │
                   │ Manage git-based content sources from your     │
                   │ team or organization                           │
                   ╰────────────────────────────────────────────────╯

                     Configuration

                   ╭────────────────────────────────────────────────╮ ╭────────────────────────────────────────────────╮
                   │ Add                                            │ │ Update                                         │
                   │ Add content from providers, local files, or    │ │ Check for updates and pull latest changes      │
                   │ git repos                                      │ │                                                │
                   ╰────────────────────────────────────────────────╯ ╰────────────────────────────────────────────────╯
                   ╭────────────────────────────────────────────────╮ ╭────────────────────────────────────────────────╮
                   │ Settings                                       │ │ Sandbox                                        │
                   │ Configure paths and providers                  │ │ Isolated environment for testing content       │
                   │                                                │ │                                                │
                   ╰────────────────────────────────────────────────╯ ╰────────────────────────────────────────────────╯

────────────────────────────────────────────────────────────────────────────────────────────────────────────────────────
tab switch panel • / search • ? help • q quit                                                              syllago