nesco             │Home > Skills > alpha-skill
                  │
  AI Tools        │ Overview  |  Files  |  Install
▸ Skills        3 │Type: Skills
  Agents        1 │Path: <TESTDIR>/skills/alpha-skill
  Prompts       1 │Providers: Claude Code
  MCP Configs   1 │────────────────────────────────────────────────────────────────────────────────────────────────────────────────────────
  Apps          1 │
  Rules         1 │
  Hooks         1 │  # alpha-skill
  Commands      1 │
  My Tools      1 │  Readme body for alpha-skill
  ─────────────   │
  Configuration   │
  Import          │esc back • tab switch tab • up/down scroll • ctrl+n/p next/prev
  Update          │
  Settings        │
  Registries      │
                  │



















────────────────────────────────────────────────────────────────────────────────────────────────────────────────────────
Esc: back   Tab: switch tab   ?: help   q: quit                                                     Skills > alpha-skill