syllago           │Home > Skills
                  │
  AI Tools        │    Name         Description     Provider
▸ Skills        3 │    ───────────  ──────────────  ────────
  Agents        1 │  > alpha-skill  A helpful s...
  Prompts       1 │    beta-skill   Another skill
  MCP Configs   1 │    local-skill  [LOCAL] A l...
  Apps          1 │
  Rules         1 │up/down navigate • enter detail • esc back • / search
  Hooks         1 │
  Commands      1 │
  Loadouts      0 │
  My Tools      1 │
  ─────────────   │
  Configuration   │
  Import          │
  Update          │
  Settings        │
  Registries      │
  Sandbox         │
                  │
────────────────────────────────────────────────────────────
/ search • enter detail • esc back • ? help     Skills