nesco             │Home > Skills > alpha-skill
                  │
  AI Tools        │ Overview  |  Files  |  Install
▸ Skills        3 │Type: Skills
  Agents        1 │Path: <TESTDIR>/skills/alpha-skill
  Prompts       1 │Providers: Claude Code
  MCP Configs   1 │────────────────────────────────────────────────────────────────────────────────
  Apps          1 │
  Rules         1 │
  Hooks         1 │  # alpha-skill
  Commands      1 │         ╭────────────────────────────────────────╮
  Loadouts      0 │  Readme │                                        │
  My Tools      1 │         │  Confirm Uninstall                     │
  ─────────────   │         │                                        │
  Configuration   │esc back │  Remove alpha-skill from all           │/p next/prev
  Import          │         │  providers?                            │
  Update          │         │                                        │
  Settings        │         │  [Enter/y] Confirm   [Esc/n] Cancel    │
  Registries      │         │                                        │
  Sandbox         │         ╰────────────────────────────────────────╯
                  │







────────────────────────────────────────────────────────────────────────────────
Esc: back   Tab: switch tab   ?: help   q: quit             Skills > alpha-skill