syllago           │Home > Loadouts > Create  (8 of 10)
                  │
  Content         │Name your loadout:
  Skills        3 │
  Agents        1 │Name: my-loadout
  MCP Configs   1 │Description: What this loadout does
  Rules         1 │
  Hooks         1 │ [enter] Next
  Commands      1 │
  ─────────────   │
  Collections     │
  Library       1 │
> Loadouts      2 │
  Registries      │
  ─────────────   │
  Configuration   │
  Add             │
  Update          │
  Settings        │
  Sandbox         │
                  │
                  │
                  │
                  │
                  │
                  │
           v1.0.0 │
────────────────────────────────────────────────────────────────────────────────
tab switch field • enter next • esc back                   Loadouts > Create
