syllago           │Home > Loadouts > Claude Code > starter-loadout
                  │
  Content         │ Contents  |  Apply
  Skills        3 │Type: Loadouts
  Agents        1 │Path: <TESTDIR>/loadouts/claude-code/starter-loadout
  MCP Configs   1 │Provider: Claude Code
  Rules         1 │─────────────────────────────────────────
  Hooks         1 │
  Commands      1 │Contents
  ─────────────   │  Rules (1)
  Collections     │  > test-rule
  Library       1 │  Skills (2)
> Loadouts      2 │    alpha-skill
  Registries      │  (1 more below)
  ─────────────   │(1 lines below)
  Configuration   │
  Add             │
────────────────────────────────────────────────────────────
esc back            Loadouts > Claude Code > starter-loadout
tab switch tab • up/down navigate • enter view • ctrl+n/p
next/prev