syllago           │Home > Sandbox
                  │
  Content         │ [a] Add   [d] Delete Last
  Skills        3 │
  Agents        1 │  > Allowed Domains  (none)
  MCP Configs   1 │    Allowed Env Vars  (none)
  Rules         1 │    Allowed Ports  (none)
  Hooks         1 │
  Commands      1 │ ─────────────────────────────────────────────
  ─────────────   │ Domains the sandbox allows network access to.
  Collections     │ Add domains like api.example.com or *.github.com.
  Library       1 │
  Loadouts      2 │ ─────────────────────────────────────────────
  Registries      │
  ─────────────   │
  Configuration   │
  Add             │
  Update          │
  Settings        │
> Sandbox         │
                  │
                  │
                  │
                  │
                  │
                  │
                  │
                  │
                  │
                  │
                  │
                  │
                  │
                  │
                  │
                  │
           v1.0.0 │
────────────────────────────────────────────────────────────────────────────────────────────────────────────────────────
up/down navigate • enter add • d delete last • s save • esc back                                         Sandbox
