syllago           │Home > Skills > alpha-skill
                  │
  Content         │ Files  |  Install
> Skills        3 │Type: Skills
  Agents        1 │Path: <TESTDIR>/skills/alpha-skill
  MCP Configs   1 │Providers: Claude Code
  Rules         1 │─────────────────────────────────────────────────────────────
  Hooks         1 │
  Commands      1 │Files
  ─────────────   │  > SKILL.md
  Collections     │    helpers.md
  Library       1 │
  Loadouts      1 │
  Registries      │
  ─────────────   │
  Configuration   │
  Add             │
  Update          │
  Settings        │
  Sandbox         │
                  │
                  │
                  │
                  │
                  │
                  │
           v1.0.0 │
────────────────────────────────────────────────────────────────────────────────
esc back • tab switch tab • up/down navigate            Skills > alpha-skill
enter view • ctrl+n/p next/prev