syllago           │Home > Loadouts > Create  (1 of 10)
                  │
  Content         │Uncheck any types to skip.
  Skills        3 │
  Agents        1 │  > [x] Skills (3)
  MCP Configs   1 │    [x] Agents (1)
  Rules         1 │    [x] MCP Configs !! (1)
  Hooks         1 │    [x] Rules (1)
  Commands      1 │    [x] Hooks !! (1)
  ─────────────   │    [x] Commands (1)
  Collections     │
  Library       1 │ [enter] Next
> Loadouts      2 │
  Registries      │
  ─────────────   │
  Configuration   │
  Add             │
────────────────────────────────────────────────────────────
up/down navigate • enter next            Loadouts > Create
esc back