syllago           │Home > Settings
                  │
  AI Tools        │  > Auto-update  off
  Skills        3 │    Providers  (none)
  Agents        1 │    Registry auto-sync  off
  MCP Configs   1 │
  Rules         1 │ ─────────────────────────────────────────────
  Hooks         1 │ Pull updates automatically when a new version is detected on the remote.
  Commands      1 │
  Loadouts      0 │
  Library       1 │ ─────────────────────────────────────────────
  ─────────────   │
  Configuration   │
  Add             │
  Update          │
▸ Settings        │
  Registries      │
  Sandbox         │
                  │









────────────────────────────────────────────────────────────────────────────────
up/down navigate • enter/space edit • s save • esc back           Settings