syllago           │Home > Library
                  │
  Content         │╭───────────────────────────────────────╮
  Skills        3 ││ Skills (1)                            │
  Agents        1 ││ Reusable skill definitions that       │
  MCP Configs   1 ││ extend AI tool capabilities           │
  Rules         1 │╰───────────────────────────────────────╯
  Hooks         1 │
  Commands      1 │
  ─────────────   │
  Collections     │
> Library       1 │
  Loadouts      2 │
  Registries      │
  ─────────────   │
  Configuration   │
  Add             │
  Update          │
  Settings        │
  Sandbox         │
                  │
────────────────────────────────────────────────────────────
arrows navigate • enter browse • a add content • esc back
Library