nesco             │                                           ░████████   ░███████   ░███████   ░███████   ░███████
                  │                                           ░██    ░██ ░██    ░██ ░██        ░██    ░██ ░██    ░██
  AI Tools        │                                           ░██    ░██ ░█████████  ░███████  ░██        ░██    ░██
▸ Skills        3 │                                           ░██    ░██ ░██               ░██ ░██    ░██ ░██    ░██
  Agents        1 │                                           ░██    ░██  ░███████   ░███████   ░███████   ░███████
  Prompts       1 │
  MCP Configs   1 │╭────────────────────────────────────────────────────────────────────╮ ╭────────────────────────────────────────────────────────────────────╮
  Apps          1 ││ Skills (3)                                                         │ │ Agents (1)                                                         │
  Rules         1 ││ Reusable skill definitions that extend AI tool capabilities        │ │ Agent configurations with specialized roles and personalities      │
  Hooks         1 ││                                                                    │ │                                                                    │
  Commands      1 │╰────────────────────────────────────────────────────────────────────╯ ╰────────────────────────────────────────────────────────────────────╯
  My Tools      1 │╭────────────────────────────────────────────────────────────────────╮ ╭────────────────────────────────────────────────────────────────────╮
  ─────────────   ││ Prompts (1)                                                        │ │ MCP Configs (1)                                                    │
  Configuration   ││ Prompt templates for common tasks and workflows                    │ │ Model Context Protocol server configurations                       │
  Import          ││                                                                    │ │                                                                    │
  Update          │╰────────────────────────────────────────────────────────────────────╯ ╰────────────────────────────────────────────────────────────────────╯
  Settings        │╭────────────────────────────────────────────────────────────────────╮ ╭────────────────────────────────────────────────────────────────────╮
  Registries      ││ Apps (1)                                                           │ │ Rules (1)                                                          │
                  ││ Application scaffolds and project templates                        │ │ Rule files that guide AI coding tool behavior                      │
                   │                                                                    │ │                                                                    │
                   ╰────────────────────────────────────────────────────────────────────╯ ╰────────────────────────────────────────────────────────────────────╯
                   ╭────────────────────────────────────────────────────────────────────╮ ╭────────────────────────────────────────────────────────────────────╮
                   │ Hooks (1)                                                          │ │ Commands (1)                                                       │
                   │ Event-driven hooks for automation and validation                   │ │ Custom slash commands for AI coding tools                          │
                   │                                                                    │ │                                                                    │
                   ╰────────────────────────────────────────────────────────────────────╯ ╰────────────────────────────────────────────────────────────────────╯

                     Configuration

                   ╭────────────────────────────────────────────────────────────────────╮ ╭────────────────────────────────────────────────────────────────────╮
                   │ Import                                                             │ │ Update                                                             │
                   │ Import your own AI tools from local files or git repos             │ │ Check for updates and pull latest changes                          │
                   │                                                                    │ │                                                                    │
                   ╰────────────────────────────────────────────────────────────────────╯ ╰────────────────────────────────────────────────────────────────────╯
                   ╭────────────────────────────────────────────────────────────────────╮ ╭────────────────────────────────────────────────────────────────────╮
                   │ Settings                                                           │ │ Registries                                                         │
                   │ Configure paths and providers                                      │ │ Manage git-based content sources from your team or organization    │
                   │                                                                    │ │                                                                    │
                   ╰────────────────────────────────────────────────────────────────────╯ ╰────────────────────────────────────────────────────────────────────╯









────────────────────────────────────────────────────────────────────────────────────────────────────────────────────────────────────────────────────────────────
Tab: switch panel   /: search   ?: help   q: quit                                                                                                          nesco