syllago           │Home > Skills
                  │
  Content         │    Name                                                                        Description  Provider
> Skills       50 │    ──────────────────────────────────────────────────────────────────────────  ──────────  ────────
  Agents       20 │  > extremely-long-skill-name-that-should-be-truncated-in-narrow-terminals-000
  MCP Configs  15 │    skill-001                                                                   Descrip...
  Rules         0 │    skill-002                                                                   Descrip...
  Hooks         0 │    skill-003                                                                   Descrip...
  Commands      0 │    skill-004                                                                   Descrip...
  ─────────────   │    skill-with-dashes-and-123                                                   Descrip...
  Collections     │    skill-006                                                                   Descrip...
  Library       0 │    skill-007                                                                   Long de...
  Loadouts      0 │    skill-008                                                                   Descrip...
  Registries      │    skill-009                                                                   Descrip...
  ─────────────   │    extremely-long-skill-name-that-should-be-truncated-in-narrow-terminals-010  Descrip...
  Configuration   │    skill-011                                                                   Descrip...
  Add             │    skill-012                                                                   Descrip...
  Update          │  (37 more below)
  Settings        │
  Sandbox         │
                  │
────────────────────────────────────────────────────────────
/ search • enter detail • a add skill • esc back • ? help
Skills