syllago           │Home > Loadouts
                  │
  Content         │ [a] Create Loadout
  Skills        3 │
  Agents        1 │╭───────────────────────────────────────╮
  MCP Configs   1 ││ claude-code (2)                       │
  Rules         1 ││ Loadouts for claude-code              │
  Hooks         1 │╰───────────────────────────────────────╯
  Commands      1 │
  ─────────────   │
  Collections     │
  Library       1 │
> Loadouts      2 │
  Registries      │
  ─────────────   │
  Configuration   │
  Add             │
  Update          │
  Settings        │
  Sandbox         │
                  │
────────────────────────────────────────────────────────────
arrows navigate • enter browse • a create loadout • esc back
Loadouts