syllago           │Home > Loadouts > Create  (1 of 5)
                  │
  Content         │Pick a provider:
  Skills        3 │
  Agents        1 │  > Claude Code (detected)
  MCP Configs   1 │    Cursor
  Rules         1 │
  Hooks         1 │
  Commands      1 │
  ─────────────   │
  Collections     │
  Library       1 │
> Loadouts      2 │
  Registries      │
  ─────────────   │
  Configuration   │
  Add             │
  Update          │
  Settings        │
  Sandbox         │
                  │
                  │
                  │
                  │
                  │
                  │
           v1.0.0 │
────────────────────────────────────────────────────────────────────────────────
up/down navigate • enter next • esc back                   Loadouts > Create
