syllago           │Home > Library
                  │
  Content         │ [a] Add Content
  Skills        3 │
  Agents        1 │╭────────────────────────────╮
  MCP Configs   1 ││ Skills (1)                 │
  Rules         1 ││ Reusable skill definitions │
  Hooks         1 ││ that extend AI tool        │
  Commands      1 ││ capabilities               │
  ─────────────   │╰────────────────────────────╯
  Collections     │
> Library       1 │
  Loadouts      2 │
  Registries      │
  ─────────────   │
  Configuration   │
  Add             │
  Update          │
  Settings        │
  Sandbox         │
                  │
                  │
                  │
                  │
                  │
                  │
           v1.0.0 │
────────────────────────────────────────────────────────────────────────────────
arrows navigate • enter browse • a add content • esc back          Library
