syllago           │Home > Skills > alpha-skill
                  │
  Content         │ Files  |  Install
> Skills        3 │Type: Skills
  Agents        1 │Path: <TESTDIR>/skills/alpha-skill
  MCP Configs   1 │Providers: Claude Code
  Rules         1 │─────────────────────────────────────────────────────────────
  Hooks         1 │
  Commands      1 │Providers
  ─────────────   │────────────────────
  Collections     │  > [ ] Claude Code  [--] available
  Library       1 │      Cursor  (not detected)
  Loadouts      2 │
  Registries      │Actions
  ─────────────   │────────────────────
  Configuration   │
  Add             │ [i] Install   [u] Uninstall
  Update          │
  Settings        │
  Sandbox         │
                  │
                  │
                  │
                  │
                  │
                  │
                  │
           v1.0.0 │
────────────────────────────────────────────────────────────────────────────────
esc back • tab switch tab • up/down navigate • enter/space toggle • i install •
u uninstall • ctrl+n/p next/prev Skills > alpha-skill