syllago           │Home > Registries
                  │
  Content         │  No registries configured.
  Skills        3 │
  Agents        1 │  Press a to add a registry.
  MCP Configs   1 │
  Rules         1 │
  Hooks         1 │
  Commands      1 │
  ─────────────   │
  Collections     │
  Library       1 │
  Loadouts      2 │
> Registries      │
  ─────────────   │
  Configuration   │
  Add             │
  Update          │
  Settings        │
  Sandbox         │
                  │

















────────────────────────────────────────────────────────────────────────────────────────────────────────────────────────
arrows navigate • enter browse • a add registry • r remove registry • s sync registry • esc back    Registries