syllago           │Home > Loadouts
                  │
  Content         │ [a] Create Loadout
  Skills        3 │
  Agents        1 │╭───────────────────────────────────────╮
  MCP Configs   1 ││ Claude Code (2)                       │
  Rules         1 ││ Loadouts for Claude Code              │
  Hooks         1 │╰───────────────────────────────────────╯
  Commands      1 │
  ─────────────   │
  Collections     │
  Library       1 │
> Loadouts      2 │
  Registries      │
  ─────────────   │
  Configuration   │
  Add             │
────────────────────────────────────────────────────────────
arrows navigate • enter browse                    Loadouts
a create loadout • esc back