syllago           │Home > Library
                  │
  Content         │╭────────────────────────────╮
  Skills        3 ││ Skills (1)                 │
  Agents        1 ││ Reusable skill definitions │
  MCP Configs   1 ││ that extend AI tool        │
  Rules         1 ││ capabilities               │
  Hooks         1 │╰────────────────────────────╯
  Commands      1 │
  ─────────────   │
  Collections     │
> Library       1 │
  Loadouts      2 │
  Registries      │
  ─────────────   │
  Configuration   │
  Add             │
  Update          │
  Settings        │
  Sandbox         │
                  │







────────────────────────────────────────────────────────────────────────────────
arrows navigate • enter browse • a add • esc back                  Library