syllago           │Home > Skills > alpha-skill
                  │
  Content         │ Overview  |  Files  |  Install
▸ Skills        3 │Type: Skills
  Agents        1 │Path: <TESTDIR>/skills/alpha-skill
  MCP Configs   1 │Providers: Claude Code
  Rules         1 │────────────────────────────────────────────────────────────────────────────────────────────────────────────────────────────────────────────────────────────────
  Hooks         1 │
  Commands      1 │
  ─────────────   │  # alpha-skill
  Collections     │
  Library       1 │  Readme body for alpha-skill
  Loadouts      0 │
  Registries      │
  ─────────────   │
  Configuration   │
  Add             │
  Update          │
  Settings        │
  Sandbox         │
                  │



























────────────────────────────────────────────────────────────────────────────────────────────────────────────────────────────────────────────────────────────────
esc back • tab switch tab • up/down scroll • ctrl+n/p next/prev                                                                       Skills > alpha-skill