syllago           │Home > Skills
                  │
  Content         │    Name         Description                                                                                                         Provider
▸ Skills        3 │    ───────────  ──────────────────────────────────────────────────────────────────────────────────────────────────────────────────  ────────
  Agents        1 │  > alpha-skill  A helpful skill
  MCP Configs   1 │    beta-skill   Another skill
  Rules         1 │    local-skill  [LIBRARY] A library skill with LLM prompt
  Hooks         1 │
  Commands      1 │up/down navigate • enter detail • esc back • / search
  ─────────────   │
  Collections     │
  Library       1 │
  Loadouts      0 │
  Registries      │
  ─────────────   │
  Configuration   │
  Add             │
  Update          │
  Settings        │
  Sandbox         │
                  │



























────────────────────────────────────────────────────────────────────────────────────────────────────────────────────────────────────────────────────────────────
/ search • enter detail • esc back • ? help                                                                                                         Skills