syllago           │Home > Loadouts
                  │
  Content         │ [a] Create Loadout
  Skills        3 │
  Agents        1 │  Installed
  MCP Configs   1 │
  Rules         1 │╭────────────────────────────────────────────────────────────────────╮
  Hooks         1 ││ Claude Code (2)                                                    │
  Commands      1 ││ Loadouts for Claude Code                                           │
  ─────────────   ││                                                                    │
  Collections     │╰────────────────────────────────────────────────────────────────────╯
  Library       1 │
> Loadouts      1 │
  Registries      │
  ─────────────   │
  Configuration   │
  Add             │
  Update          │
  Settings        │
  Sandbox         │
                  │
                  │
                  │
                  │
                  │
                  │
                  │
                  │
                  │
                  │
                  │
                  │
                  │
                  │
                  │
                  │
                  │
                  │
                  │
                  │
                  │
                  │
                  │
                  │
                  │
                  │
           v1.0.0 │
────────────────────────────────────────────────────────────────────────────────────────────────────────────────────────────────────────────────────────────────
arrows navigate • enter browse • a create loadout • esc back                                                                                      Loadouts
