syllago           │Home > Settings
                  │
  Content         │  > Update check  on
  Skills        3 │    Auto-update  off
  Agents        1 │    Registry auto-sync  off
  MCP Configs   1 │
  Rules         1 │ ─────────────────────────────────────────────
  Hooks         1 │ Check for new versions on launch. Requires network access to the git remote.
  Commands      1 │ Disable for air-gapped or offline environments.
  ─────────────   │
  Collections     │ ─────────────────────────────────────────────
  Library       1 │
  Loadouts      2 │
  Registries      │
  ─────────────   │
  Configuration   │
  Add             │
  Update          │
> Settings        │
  Sandbox         │
                  │
                  │
                  │
                  │
                  │
                  │
                  │
                  │
                  │
                  │
                  │
                  │
                  │
                  │
                  │
                  │
           v1.0.0 │
────────────────────────────────────────────────────────────────────────────────────────────────────────────────────────
up/down navigate • enter/space toggle • esc back                                                            Settings
