syllago           │Home > Skills
                  │
  Content         │    Name                                                                        Description  Provider
> Skills       50 │    ──────────────────────────────────────────────────────────────────────────  ──────────  ────────
  Agents       20 │    extremely-long-skill-name-that-should-be-truncated-in-narrow-terminals-000
  MCP Configs  15 │    skill-001                                                                   Descrip...
  Rules         0 │    skill-002                                                                   Descrip...
  Hooks         0 │    skill-003                                                                   Descrip...
  Commands      0 │    skill-004                                                                   Descrip...
  ─────────────   │    skill-with-dashes-and-123                                                   Descrip...
  Collections     │    skill-006                                                                   Descrip...
  Library       0 │    skill-007                                                                   Long de...
  Loadouts      0 │    skill-008                                                                   Descrip...
  Registries      │    skill-009                                                                   Descrip...
  ─────────────   │  > extremely-long-skill-name-that-should-be-truncated-in-narrow-terminals-010  Descrip...
  Configuration   │    skill-011                                                                   Descrip...
  Add             │    skill-012                                                                   Descrip...
  Update          │    skill-013
  Settings        │    skill-014                                                                   Long de...
  Sandbox         │    skill-015                                                                   Descrip...
                  │    skill-016                                                                   Descrip...
                       skill-017                                                                   Descrip...
                       skill-018                                                                   Descrip...
                       skill-019                                                                   Descrip...
                       extremely-long-skill-name-that-should-be-truncated-in-narrow-terminals-020  Descrip...
                       skill-021                                                                   Long de...
                       skill-022                                                                   Descrip...
                     (27 more below)

────────────────────────────────────────────────────────────────────────────────
/ search • enter detail • a add • esc back • ? help               Skills