syllago           │Home > Skills
                  │
  Content         │ [a] Add Skills
> Skills        3 │
  Agents        1 │    Name         Description     Provider
  MCP Configs   1 │    ───────────  ──────────────  ────────
  Rules         1 │  > alpha-skill  A helpful s...
  Hooks         1 │    beta-skill   Another skill
  Commands      1 │    local-skill  [LIBRARY] A...
  ─────────────   │
  Collections     │
  Library       1 │
  Loadouts      2 │
  Registries      │
  ─────────────   │
  Configuration   │
  Add             │
────────────────────────────────────────────────────────────
/ search • enter detail • a add skill             Skills
esc back • ? help