syllago           │Home > Skills
                  │
  Content         │ [a] Add Skills
> Skills        0 │
  Agents        0 │  No items found
  MCP Configs   0 │
  Rules         0 │
  Hooks         0 │
  Commands      0 │
  ─────────────   │
  Collections     │
  Library       0 │
  Loadouts      0 │
  Registries      │
  ─────────────   │
  Configuration   │
  Add             │
  Update          │
  Settings        │
  Sandbox         │
                  │
                  │
                  │
                  │
                  │
                  │
                  │
           v1.0.0 │
────────────────────────────────────────────────────────────────────────────────
/ search • enter detail • a add skill • esc back • ? help         Skills