syllago           │Home > Add
                  │
  Content         │Add content from an installed provider, local files, or a git repository.
  Skills        3 │Create New scaffolds a blank template.
  Agents        1 │
  MCP Configs   1 │ > From Provider
  Rules         1 │   Local Path
  Hooks         1 │   Git URL
  Commands      1 │   Create New
  ─────────────   │
  Collections     │
  Library       1 │
  Loadouts      2 │
  Registries      │
  ─────────────   │
  Configuration   │
> Add             │
  Update          │
  Settings        │
  Sandbox         │
                  │

















────────────────────────────────────────────────────────────────────────────────────────────────────────────────────────
up/down navigate • enter select • esc back                                                                       Add