syllago           │Home > Skills
                  │
  Content         │ [a] Add Skills
> Skills       50 │
  Agents       20 │    Name                                                                        Description  Provider
  MCP Configs  15 │    ──────────────────────────────────────────────────────────────────────────  ──────────  ────────
  Rules         0 │  > extremely-long-skill-name-that-should-be-truncated-in-narrow-terminals-000
  Hooks         0 │    skill-001                                                                   Descrip...
  Commands      0 │    skill-002                                                                   Descrip...
  ─────────────   │    skill-003                                                                   Descrip...
  Collections     │    skill-004                                                                   Descrip...
  Library       0 │    skill-with-dashes-and-123                                                   Descrip...
  Loadouts      1 │    skill-006                                                                   Descrip...
  Registries      │    skill-007                                                                   Long de...
  ─────────────   │    skill-008                                                                   Descrip...
  Configuration   │    skill-009                                                                   Descrip...
  Add             │    extremely-long-skill-name-that-should-be-truncated-in-narrow-terminals-010  Descrip...
  Update          │    skill-011                                                                   Descrip...
  Settings        │    skill-012                                                                   Descrip...
  Sandbox         │    skill-013
                  │    skill-014                                                                   Long de...
                  │    skill-015                                                                   Descrip...
                  │    skill-016                                                                   Descrip...
                  │    skill-017                                                                   Descrip...
                  │    skill-018                                                                   Descrip...
                  │    skill-019                                                                   Descrip...
           v1.0.0 │  (30 more below)
────────────────────────────────────────────────────────────────────────────────
/ search • enter detail • a add skill • esc back • ? help         Skills
