╭──syllago────────────────────────────────────────────────────────────────────────────────────────────────────────[?]──╮
│                                   [1] Collections      [2] Content      [3] Config                                   │
├──────────────────────────────────────────────────────────────────────────────────────────────────────────────────────┤
│   Library     Registries     Loadouts                                                                                │
│                                                                                            [a] Add      [d] Remove   │
╰──────────────────────────────────────────────────────────────────────────────────────────────────────────────────────╯
╭──────────────────────────────────────────────────────────────────────────────────────────────────────────────────────╮
│ my-registry                               Registry  2 items  Source: /tmp/fake-registry                              │
│ Status: 2 items  0 Agents, 0 Commands, 0 Hooks, 0 MCP Servers, 1 Rules, 1 Skills                                     │
│                                                                                                           [e] Edit   │
├──────────────────────────────────────────────────────────────────────────────────┬───────────────────────────────────┤
│╭──────────────────────────╮                                                      │Name: my-registry                  │
││my-registry               │                                                      │                                   │
││  0 Agents                │                                                      │Contents                           │
││  0 Commands              │                                                      │Skills                             │
││  0 Hooks                 │                                                      │  alpha-skill                      │
││  0 MCP Servers           │                                                      │Rules                              │
││  1 Rules                 │                                                      │  beta-rule                        │
││  1 Skills                │                                                      │                                   │
││Source: /tmp/fake-registry│                                                      │                                   │
│╰──────────────────────────╯                                                      │                                   │
│                                                                                  │                                   │
│                                                                                  │                                   │
│                                                                                  │                                   │
│                                                                                  │                                   │
│                                                                                  │                                   │
│                                                                                  │                                   │
│                                                                                  │                                   │
│                                                                                  │                                   │
│                                                                                  │                                   │
│                                                                                  │                                   │
│                                                                                  │                                   │
│                                                                                  │                                   │
│                                                                                  │                                   │
│                                                                                  │                                   │
│                                                                                  │                                   │
│                                                                                  │                                   │
╰──────────────────────────────────────────────────────────────────────────────────┴───────────────────────────────────╯
1/2/3 groups · tab items · arrows grid · enter select · tab grid/contents · e edit · d remove       syllago v0.0.0-test
R refresh · a add · ? help · q back