╭──syllago────────────────────────────────────────────────────────────────[?]──╮
│               [1] Collections      [2] Content      [3] Config               │
├──────────────────────────────────────────────────────────────────────────────┤
│   Library     Registries     Loadouts                                        │
│                                                                              │
╰──────────────────────────────────────────────────────────────────────────────╯
╭──────────────────────────────────────────────────────────────────────────────╮
│ Python-Web                                Loadout  0 items                   │
│ Status: local  0 Agents, 0 Commands, 0 Hooks, 0 MCP Servers, 0 Rules, 0 Skill│
│                                [x] Uninstall      [d] Remove      [e] Edit   │
├──────────────────────────────────────────────────────┬───────────────────────┤
│╭──────────────────────────╮                          │Name: Python-Web       │
││Python-Web                │                          │                       │
││  0 Agents                │                          │Contents               │
││  0 Commands              │                          │Agents                 │
││  0 Hooks                 │                          │Commands               │
││  0 MCP Servers           │                          │Hooks                  │
││  0 Rules                 │                          │MCP Servers            │
││  0 Skills                │                          │Rules                  │
││                          │                          │Skills                 │
│╰──────────────────────────╯                          │                       │
│                                                      │                       │
│                                                      │                       │
│                                                      │                       │
│                                                      │                       │
│                                                      │                       │
│                                                      │                       │
╰──────────────────────────────────────────────────────┴───────────────────────╯
1/2/3 groups · tab items · arrows grid · enter select       syllago v0.0.0-test
tab grid/contents · e edit · d remove · R refresh · a add · ? help · q back