╭───Install ───────────────────────────────────────────────╮
│  [1 Provider]  [2 Location]  [3 Method]  [4 Review]      │
╰──────────────────────────────────────────────────────────╯
  Install "my-skill" to which provider?

  > Claude Code (detected)
    Cursor (detected)
  ─────
    All providers  ([a] to select)

                                        Cancel      Next








