╭──syllago────────────────────────────────────────────────────────────────[?]──╮
│               [1] Collections      [2] Content      [3] Config               │
├──────────────────────────────────────────────────────────────────────────────┤
│   Library     Registries     Loadouts                                        │
│                                                            [a] Add content   │
╰──────────────────────────────────────────────────────────────────────────────╯
╭──────────────────────────────────────────────────────────────────────────────╮
│ alpha-skill                               Type: Skill     Files: 1           │
│ Scope: project   Registry: not in a registry                                 │
│                                                                              │
│ Trust: Unknown        Visibility: Public          [d] Remove      [e] Edit   │
├──────────────────────────────────────────────────────────────────────────────┤
│All  In Library  Not in Library  Project                                      │
│   Tr Name ▲               Type     Scope        Files Installed              │
│ >    alpha-skill          Skill    team-rules   1     --                     │
│      beta-skill           Skill    team-rules   1     --                     │
│      delta-agent          Agent    my-registry  1     --                     │
│      epsilon-hook         Hook     team-rules   1     --                     │
│      eta-command          Command  team-rules   1     --                     │
│      gamma-rule           Rule     library      1     --                     │
│      zeta-mcp             MCP      library      1     --                     │
│                                                                              │
│                                                                              │
│                                                                              │
│                                                                              │
│                                                                              │
│                                                                              │
╰──────────────────────────────────────────────────────────────────────────────╯
1/2/3 groups · tab items · ↑/↓ navigate · enter preview     syllago v0.0.0-test
/ search · s sort · i install · e edit · d remove · x uninstall · t trust · R refresh · a add · ? help · q quit