╭──syllago────────────────────────────────────────────────────────────────[?]──╮
│               [1] Collections      [2] Content      [3] Config               │
├──────────────────────────────────────────────────────────────────────────────┤
│   Library     Registries     Loadouts                                        │
│                                                            [a] Add content   │
╰──────────────────────────────────────────────────────────────────────────────╯
╭──────────────────────────────────────────────────────────────────────────────╮
│ local-skill                               Type: Skill     Files: 1           │
│ Scope: global    Registry: not in a registry                                 │
│                                                                              │
│ Trust: Unknown        Visibility: Public          [d] Remove      [e] Edit   │
├──────────────────────────────────────────────────────────────────────────────┤
│All  In Library  Not in Library  Project                                      │
│   Tr Name ▲               Type     Scope        Files Installed              │
│ >    local-skill          Skill    library      1     --                     │
│      registry-skill       Skill    test-regi... 1     --     [not in library]│
│      shared-rule          Rule     project      1     --                     │
│                                                                              │
│                                                                              │
│                                                                              │
│                                                                              │
│                                                                              │
│                                                                              │
│                                                                              │
│                                                                              │
│                                                                              │
│                                                                              │
╰──────────────────────────────────────────────────────────────────────────────╯
1/2/3 groups · tab items · ↑/↓ navigate · enter preview     syllago v0.0.0-test
/ search · s sort · i install · e edit · d remove · x uninstall · t trust · R refresh · a add · ? help · q quit