╭──syllago────────────────────────────────────────────────────────────────────────────────────────────────────────[?]──╮
│                                   [1] Collections      [2] Content      [3] Config                                   │
├──────────────────────────────────────────────────────────────────────────────────────────────────────────────────────┤
│   Library     Registries     Loadouts                                                                                │
│                                                                                                    [a] Add content   │
╰──────────────────────────────────────────────────────────────────────────────────────────────────────────────────────╯
╭──────────────────────────────────────────────────────────────────────────────────────────────────────────────────────╮
│ fresh-rule                                Type: Rule      Files: 1   Origin: syllago      Installed: --              │
│ Scope: global    Registry: not in a registry                                                                         │
│                                                                                                                      │
│ Trust: Unknown        Visibility: Public                                                  [d] Remove      [e] Edit   │
├──────────────────────────────────────────────────────────────────────────────────────────────────────────────────────┤
│All  In Library  Not in Library  Project                                                                              │
│   Tr Name ▲                 Type      Scope        Files Installed      Description                                  │
│ >    fresh-rule             Rule      library      1     --                                                          │
│      installed-rule         Rule      library      1     ✓                                                           │
│                                                                                                                      │
│                                                                                                                      │
│                                                                                                                      │
│                                                                                                                      │
│                                                                                                                      │
│                                                                                                                      │
│                                                                                                                      │
│                                                                                                                      │
│                                                                                                                      │
│                                                                                                                      │
│                                                                                                                      │
│                                                                                                                      │
│                                                                                                                      │
│                                                                                                                      │
│                                                                                                                      │
│                                                                                                                      │
│                                                                                                                      │
│                                                                                                                      │
│                                                                                                                      │
│                                                                                                                      │
│                                                                                                                      │
╰──────────────────────────────────────────────────────────────────────────────────────────────────────────────────────╯
1/2/3 groups · tab items · ↑/↓ navigate · enter preview · / search · s sort · i install · e edit    syllago v0.0.0-test
d remove · x uninstall · t trust · R refresh · a add · ? help · q quit