╭──syllago────────────────────────────────────────────────────────────────[?]──╮
│               [1] Collections      [2] Content      [3] Config               │
├──────────────────────────────────────────────────────────────────────────────┤
│   Library     Registries     Loadouts                                        │
│                                                            [a] Add content   │
╰──────────────────────────────────────────────────────────────────────────────╯
╭──────────────────────────────────────────────────────────────────────────────╮
│ private-skill                             Type: Skill     Files: 1           │
│ Scope: project   Registry: moat-registry                                     │
│                                                                              │
│ Trust: Sign╭────────────────────────────────────────────────────╮+ Install   │
├────────────│ Install revoked item "revoked-skill"?              │────────────┤
│All  In Libr│                                                    │            │
│   Tr Name ▲│ The publisher has revoked this item.               │            │
│ > ✓P privat│                                                    │ in library]│
│   R  revoke│ Reason: key compromise                             │ in library]│
│      vanill│ Revoked by: ops@example.com                        │            │
│   ✓  verifi│ Details: https://example.com/revocation/123        │ in library]│
│            │                                                    │            │
│            │ Installing anyway will proceed with the current co │            │
│            │                                                    │            │
│            │                       Cancel      Install anyway   │            │
│            ╰────────────────────────────────────────────────────╯            │
│                                                                              │
│                                                                              │
│                                                                              │
│                                                                              │
╰──────────────────────────────────────────────────────────────────────────────╯
1/2/3 groups · tab items · ↑/↓ navigate · enter preview     syllago v0.0.0-test
/ search · s sort · i install · e edit · d remove · x uninstall · t trust · R refresh · a add · ? help · q quit