╭──syllago────────────────────────────────────────────────────────────────[?]──╮
│               [1] Collections      [2] Content      [3] Config               │
├──────────────────────────────────────────────────────────────────────────────┤
│   Library     Registries     Loadouts                                        │
│                                                            [a] Add content   │
╰──────────────────────────────────────────────────────────────────────────────╯
╭──────────────────────────────────────────────────────────────────────────────╮
│ revoked-skill                             Type: Skill     Files: 1           │
│ Scope: project   Registry: moat-registry                                     │
│                                                                              │
│ Trust: Revoked        Visibility: Public    [a] Add      [i] Add + Install   │
├──────────────────────────────────────────────────────────────────────────────┤
│All  In Library  Not in Library  Project                                      │
│   Tr Name ▲               Type     Scope        Files Installed              │
│   ✓P private-skill        Skill    moat-regi... 1     --     [not in library]│
│ > R  revoked-skill        Skill    moat-regi... 1     --     [not in library]│
│      vanilla-skill        Skill    library      1     --                     │
│   ✓  verified-skill       Skill    moat-regi... 1     --     [not in library]│
│                                                                              │
│                                                                              │
│                                                                              │
│                                                                              │
│                                                                              │
│                                                                              │
│                                                                              │
│                                                                              │
│                                                                              │
╰──────────────────────────────────────────────────────────────────────────────╯
1/2/3 groups · tab items · ↑/↓ navigate · enter preview     syllago v0.0.0-test
/ search · s sort · i install · e edit · d remove · x uninstall · t trust · R refresh · a add · ? help · q quit