╭──syllago────────────────────────────────────────────────────────────────[?]──╮
│               [1] Collections      [2] Content      [3] Config               │
├──────────────────────────────────────────────────────────────────────────────┤
│   Library     Registries     Loadouts                                        │
│                                                            [a] Add content   │
╰──────────────────────────────────────────────────────────────────────────────╯
╭──────────────────────────────────────────────────────────────────────────────╮
│ private-skill                             Type: Skill     Files: 1           │
│ Scope: project   Registry: moat-registry                                     │
│                                                                   [e] Edit   │
│ Trust: Verified (registry-attested)  Visibility: Private                     │
├──────────────────────────────────────────────────────────────────────────────┤
│   Tr Name ▲               Type     Scope        Files Installed              │
│ > ✓P private-skill        Skill    moat-regi... 1     --                     │
│   R  recalled-skill       Skill    moat-regi... 1     --                     │
│      vanilla-skill        Skill    library      1     --                     │
│   ✓  verified-skill       Skill    moat-regi... 1     --                     │
│                                                                              │
│                                                                              │
│                                                                              │
│                                                                              │
│                                                                              │
│                                                                              │
│                                                                              │
│                                                                              │
│                                                                              │
│                                                                              │
╰──────────────────────────────────────────────────────────────────────────────╯
1/2/3 groups · tab items · ↑/↓ navigate · enter preview     syllago v0.0.0-test
/ search · s sort · i install · e edit · d remove · x uninstall · R refresh · a add · ? help · q quit