╭──syllago────────────────────────────────────────────────────────────────[?]──╮
│               [1] Collections      [2] Content      [3] Config               │
├──────────────────────────────────────────────────────────────────────────────┤
│   Library     Registries     Loadouts                                        │
│                                                                    [a] Add   │
╰──────────────────────────────────────────────────────────────────────────────╯
╭──────────────────────────────────────────────────────────────────────────────╮
│ my-reg╭──────────────────────────────────────────────────────────────╮tmp/...│
│ Status│ Add Registry                                                 │, 1 Ski│
│       │                                                              │Edit   │
├───────│ Source                                                       │───────┤
│╭──────│ (•) Git URL                                                  │y      │
││my-reg│ ( ) Local directory                                          │       │
││  0 Ag│                                                              │       │
││  0 Co│ URL                                                          │       │
││  0 Ho│                                                              │       │
││  0 MC│                                                              │       │
││  0 Ru│ Name (derived from URL)                                      │       │
││  1 Sk│                                                              │       │
││Source│                                                              │       │
│╰──────│ Branch (optional)                                            │       │
│       │                                                              │       │
│       │                                                              │       │
│       │ URL is required                                              │       │
│       │                                             Cancel     Add   │       │
│       ╰──────────────────────────────────────────────────────────────╯       │
│                                                      │                       │
╰──────────────────────────────────────────────────────┴───────────────────────╯
1/2/3 groups · tab items · arrows grid · enter select       syllago v0.0.0-test
tab grid/contents · a add · S sync · d remove · e edit · R refresh · ? help · q back