╭──syllago────────────────────────────────────────────────────────────────[?]──╮
│               [1] Collections      [2] Content      [3] Config               │
├──────────────────────────────────────────────────────────────────────────────┤
│   Library     Registries     Loadouts                                        │
│                                                           [a] Add registry   │
╰──────────────────────────────────────────────────────────────────────────────╯
╭──────────────────────────────────────────────────────────────────────────────╮
│ my-registry                               Registry  1 items  Source: /tmp/...│
│ Status╭──────────────────────────────────────────────────────────────╮, 1 Ski│
│       │ Add Registry                                                 │Edit   │
├───────│                                                              │───────┤
│╭──────│ Source                                                       │y      │
││my-reg│ (•) Git URL                                                  │       │
││  0 Ag│ ( ) Local directory                                          │       │
││  0 Co│                                                              │       │
││  0 Ho│ URL                                                          │       │
││  0 MC│  █                                                           │       │
││  0 Ru│                                                              │       │
││  1 Sk│ Name (derived from URL)                                      │       │
││Source│                                                              │       │
│╰──────│                                                              │       │
│       │ Branch (optional)                                            │       │
│       │                                                              │       │
│       │                                                              │       │
│       │                                             Cancel     Add   │       │
│       ╰──────────────────────────────────────────────────────────────╯       │
│                                                      │                       │
╰──────────────────────────────────────────────────────┴───────────────────────╯
1/2/3 groups · tab items · arrows grid · enter select       syllago v0.0.0-test
tab grid/contents · / search · a add · S sync · d remove · e edit · R refresh · ? help · q back