╭──syllago─────────────────────────────────────────────────────────────────────────────────────────────────────────────╮
│                                   [1] Content      [2] Collections      [3] Config                                   │
├──────────────────────────────────────────────────────────────────────────────────────────────────────────────────────┤
│   Skills     Agents     MCP     Rules     Hooks     Commands                               (a) Add      (n) Create   │
╰──────────────────────────────────────────────────────────────────────────────────────────────────────────────────────╯















                                                   No content loaded.

                                           Phase 3 adds the explorer layout.
















? help * ctrl+c quit                                                                                syllago v0.0.0-test