syllago                                                                                    Phase 2: navigation dropdowns

















                                                   No content loaded.

                                           Phase 3 adds the explorer layout.


















? help * ctrl+c quit                                                                                syllago v0.0.0-test