╭──syllago─────────────────────────────────────────────────────────────────────────────────────────────────────────────╮
│                                   [1] Collections      [2] Content      [3] Config                                   │
├──────────────────────────────────────────────────────────────────────────────────────────────────────────────────────┤
│   Library     Registries     Loadouts                                                      [a] Add      [n] Create   │
│                                                                                                                      │
╰──────────────────────────────────────────────────────────────────────────────────────────────────────────────────────╯
╭──────────────────────────────────────────────────────────────────────────────────────────────────────────────────────╮
│                                                                                                                      │
│                                                                                                                      │
│                                                                                                                      │
│                                                                                                                      │
│                                                                                                                      │
│                                                                                                                      │
│                                                                                                                      │
│                                                                                                                      │
│                                                                                                                      │
│                                                                                                                      │
│                                                                                                                      │
│                                                                                                                      │
│                                                                                                                      │
│                                                                                                                      │
│                                                No content in library.                                                │
│                                          Press [a] to add your first item.                                           │
│                                                                                                                      │
│                                                                                                                      │
│                                                                                                                      │
│                                                                                                                      │
│                                                                                                                      │
│                                                                                                                      │
│                                                                                                                      │
│                                                                                                                      │
│                                                                                                                      │
│                                                                                                                      │
│                                                                                                                      │
│                                                                                                                      │
│                                                                                                                      │
│                                                                                                                      │
╰──────────────────────────────────────────────────────────────────────────────────────────────────────────────────────╯
1/2/3 groups · tab items · ↑/↓ navigate · enter preview · / search · s sort · r rename              syllago v0.0.0-test
R refresh · a add · n create · ? help · q quit