╭───Add ───────────────────────────────────────────────────────────────────────╮
│  [1 Source]  [2 Type]  [3 Discovery]  [4 Triage]  [5 Review]  [6 Execute]    │
╰──────────────────────────────────────────────────────────────────────────────╯
  Triage: detected content                                  Back      Next
  Include items to add them, or skip (skipped items reappear next time you add from this source).
╭ Items ───────────────┬ Preview ────────────────────────────────────────────╮
│✓ security-scanner ● H │  Select an item to preview                           │
│  code-style-guide ● M │                                                      │
│  experimental-l... ● L│                                                      │
│✓ user-custom-agent ● U│                                                      │
│  api-docs-helper ● M  │                                                      │
│                       │                                                      │
│                       │                                                      │
│                       │                                                      │
│                       │                                                      │
│                       │                                                      │
│                       │                                                      │
│                       │                                                      │
│                       │                                                      │
│                       │                                                      │
│                       │                                                      │
│                       │                                                      │
│                       │                                                      │
│                       │                                                      │
│                       │                                                      │
│                       │                                                      │
│                       │                                                      │
│                       │                                                      │
│                       │                                                      │
╰───────────────────────┴──────────────────────────────────────────────────────╯
                                                  Cancel      Back      Next