╭───Add ───────────────────────────────────────────────────────────────────────────────────────────────────────────────╮
│  [1 Source]  [2 Type]  [3 Discovery]  [4 Triage]  [5 Review]  [6 Execute]                                            │
╰──────────────────────────────────────────────────────────────────────────────────────────────────────────────────────╯
  Triage: detected content                                                                          Back      Next
  Include items to add them, or skip (skipped items reappear next time you add from this source).
  Match confidence — ●High = reliable   ●Med = possible   ●Low = uncertain
╭ Items ───────────────────────────┬ Preview ────────────────────────────────────────────────────────────────────────╮
│  ─ Skills ────────────────────────│  Select an item to preview                                                       │
│> code-style-guide         ● Medium│                                                                                  │
│  api-docs-helper          ● Medium│                                                                                  │
│  ─ Agents ────────────────────────│                                                                                  │
│✓ user-custom-agent        ● User  │                                                                                  │
│  ─ Rules ─────────────────────────│                                                                                  │
│✓ security-scanner         ● High  │                                                                                  │
│  experimental-linter      ● Low   │                                                                                  │
│                                   │                                                                                  │
│                                   │                                                                                  │
│                                   │                                                                                  │
│                                   │                                                                                  │
│                                   │                                                                                  │
│                                   │                                                                                  │
│                                   │                                                                                  │
│                                   │                                                                                  │
│                                   │                                                                                  │
│                                   │                                                                                  │
│                                   │                                                                                  │
│                                   │                                                                                  │
│                                   │                                                                                  │
│                                   │                                                                                  │
│                                   │                                                                                  │
│                                   │                                                                                  │
│                                   │                                                                                  │
│                                   │                                                                                  │
│                                   │                                                                                  │
│                                   │                                                                                  │
│                                   │                                                                                  │
│                                   │                                                                                  │
│                                   │                                                                                  │
╰───────────────────────────────────┴──────────────────────────────────────────────────────────────────────────────────╯
                                                                                          Cancel      Back      Next