╭───Add ───────────────────────────────────────────────────────────────────────╮
│  [1 Source]  [2 Type]  [3 Discovery]  [4 Review]  [5 Execute]                │
╰──────────────────────────────────────────────────────────────────────────────╯
  Discovery: found content                                  Back      Next
  Auto-detected items are pre-included (✓). Review and toggle any item, then click Next.
  Match confidence — ●High = reliable   ●Med = possible   ●Low = uncertain
╭ Items ───────────────┬ Preview ────────────────────────────────────────────╮
│  ─ Skills ────────────│  Select an item to preview                           │
│> code-style-guide  ● M│                                                      │
│  api-docs-helper   ● M│                                                      │
│  ─ Agents ────────────│                                                      │
│✓ user-custom-agent ● U│                                                      │
│  ─ Rules ─────────────│                                                      │
│✓ security-scanner  ● H│                                                      │
│  experimental-l... ● L│                                                      │
│                       │                                                      │
│                       │                                                      │
│                       │                                                      │
│                       │                                                      │
│                       │                                                      │
│                       │                                                      │
│                       │                                                      │
│                       │                                                      │
│                       │                                                      │
│                       │                                                      │
│                       │                                                      │
│                       │                                                      │
│                       │                                                      │
╰───────────────────────┴──────────────────────────────────────────────────────╯
                                                  Cancel      Back      Next