╭───Add ───────────────────────────────────────────────────────────────────────╮
│  [1 Source]  [2 Type]  [3 Discovery]  [4 Triage]  [5 Review]  [6 Execute]    │
╰──────────────────────────────────────────────────────────────────────────────╯
  Triage: detected content                                  Back      Next
  Include items to add them, or skip (skipped items reappear next time you add from this source).
  Match confidence — ●High = reliable   ●Med = possible   ●Low = uncertain
╭ Items ───────────────┬ Preview ────────────────────────────────────────────╮
│  ─ Skills ────────────│  Select an item to preview                           │
│> code-style-guide  ● M│                                                      │
│  api-docs-helper   ● M│                                                      │
│  ─ Agents ────────────│                                                      │
│✓ user-custom-agent ● U│                                                      │
│  ─ Rules ─────────────│                                                      │
│✓ security-scanner  ● H│                                                      │
│  experimental-l... ● L│                                                      │
│                       │                                                      │
│                       │                                                      │
│                       │                                                      │
│                       │                                                      │
│                       │                                                      │
│                       │                                                      │
│                       │                                                      │
│                       │                                                      │
│                       │                                                      │
│                       │                                                      │
│                       │                                                      │
│                       │                                                      │
│                       │                                                      │
╰───────────────────────┴──────────────────────────────────────────────────────╯
                                                  Cancel      Back      Next