╭───Add ───────────────────────────────────────────────────────────────────────────────────────────────────────────────╮
│  [1 Source]  [2 Type]  [3 Discovery]  [4 Review]  [5 Execute]                                                        │
╰──────────────────────────────────────────────────────────────────────────────────────────────────────────────────────╯
  Discovery: found content                                                                          Back      Next
  Auto-detected items are pre-included (✓). Review and toggle any item, then click Next.
  Match confidence — ●High = reliable   ●Med = possible   ●Low = uncertain
╭ Items ───────────────────────────┬ Preview ────────────────────────────────────────────────────────────────────────╮
│  ─ Skills ────────────────────────│  Select an item to preview                                                       │
│> code-style-guide         ● Medium│                                                                                  │
│  api-docs-helper          ● Medium│                                                                                  │
│  ─ Agents ────────────────────────│                                                                                  │
│✓ user-custom-agent        ● User  │                                                                                  │
│  ─ Rules ─────────────────────────│                                                                                  │
│✓ security-scanner         ● High  │                                                                                  │
│  experimental-linter      ● Low   │                                                                                  │
│                                   │                                                                                  │
│                                   │                                                                                  │
│                                   │                                                                                  │
│                                   │                                                                                  │
│                                   │                                                                                  │
│                                   │                                                                                  │
│                                   │                                                                                  │
│                                   │                                                                                  │
│                                   │                                                                                  │
│                                   │                                                                                  │
│                                   │                                                                                  │
│                                   │                                                                                  │
│                                   │                                                                                  │
│                                   │                                                                                  │
│                                   │                                                                                  │
│                                   │                                                                                  │
│                                   │                                                                                  │
│                                   │                                                                                  │
│                                   │                                                                                  │
│                                   │                                                                                  │
│                                   │                                                                                  │
│                                   │                                                                                  │
│                                   │                                                                                  │
╰───────────────────────────────────┴──────────────────────────────────────────────────────────────────────────────────╯
                                                                                          Cancel      Back      Next