syllago           │
                  │
  Content         │
> Skills        0 │
  Agents        0 │
  MCP Servers   0 │
  Rules         0 │
  Hooks         0 │
  Commands      0 │
  ─────────────   │
  Collections     │
  Library       0 │
  Loadouts      1 │
  Registries      │
  ─────────────   │
  Configuration   │
  Add             │
  Update          │
  Settings        │
  Sandbox         │
                  │
                  │
                  │
                  │
                  │
                  │
           v1.0.0 │