syllago           │Home > Skills > extremely-long-skill-name-that-should-be-truncated-in-narrow-terminals-000
                  │
  Content         │ Files  |  Install
> Skills       50 │Type: Skills
  Agents       20 │Path: <TESTDIR>/skills/extremely-long-skill-name-that-should-be-truncated-in-narrow-terminals-000
  MCP Servers  15 │Providers: Claude Code
  Rules         0 │─────────────────────────────────────────────────────────────
  Hooks         0 │
  Commands      0 │Files
  ─────────────   │  > SKILL.md
  Collections     │
  Library       0 │
  Loadouts      1 │
  Registries      │
  ─────────────   │
  Configuration   │
  Add             │
  Update          │
  Settings        │
  Sandbox         │
                  │
                  │
                  │
                  │
                  │
                  │
           v1.0.0 │
────────────────────────────────────────────────────────────────────────────────
esc back • tab switch tab             Skills > extremely-long-skill-name-th...
up/down navigate • enter view • ctrl+n/p next/prev