syllago           │Home > Update
                  │You're on v1.0.0 (latest)
  Content         │
  Skills        3 │  > View release notes
  Agents        1 │    Check for updates
  MCP Servers   1 │
  Rules         1 │
  Hooks         1 │
  Commands      1 │
  ─────────────   │
  Collections     │
  Library       1 │
  Loadouts      1 │
  Registries      │
  ─────────────   │
  Configuration   │
  Add             │
> Update          │
  Settings        │
  Sandbox         │
                  │
                  │
                  │
                  │
                  │
                  │
                  │
                  │
                  │
                  │
                  │
                  │
                  │
                  │
                  │
                  │
                  │
                  │
                  │
                  │
                  │
                  │
                  │
                  │
                  │
                  │
           v1.0.0 │
────────────────────────────────────────────────────────────────────────────────────────────────────────────────────────────────────────────────────────────────
up/down navigate • enter select • esc back                                                                                                            Update
