syllago           │Welcome to syllago!
                  │
  Content         │Detected: Claude Code
> Skills        0 │
  Agents        0 │Get started:
  MCP Servers   0 │
  Rules         0 │  'a' to discover content for your providers
  Hooks         0 │  'R' to add a registry from your team
  Commands      0 │
  ─────────────   │
  Collections     │
  Library       0 │
  Loadouts      1 │
  Registries      │
  ─────────────   │
  Configuration   │
  Add             │
  Update          │
  Settings        │
  Sandbox         │
                  │
                  │
                  │
                  │
                  │
                  │
           v1.0.0 │
────────────────────────────────────────────────────────────────────────────────
tab switch panel • / search • ? help • q quit                      syllago
