syllago           │Home > Loadouts > Claude Code > starter-loadout
                  │
  Content         │ Contents  |  Apply
  Skills        3 │Type: Loadouts
  Agents        1 │Path: <TESTDIR>/loadouts/claude-code/starter-loadout
  MCP Servers   1 │Provider: Claude Code
  Rules         1 │─────────────────────────────────────────────────────────────
  Hooks         1 │
  Commands      1 │Contents
  ─────────────   │  Rules (1)
  Collections     │  > test-rule
  Library       1 │  Skills (2)
> Loadouts      1 │    alpha-skill
  Registries      │    beta-skill
  ─────────────   │
  Configuration   │
  Add             │
  Update          │
  Settings        │
  Sandbox         │
                  │
                  │
                  │
                  │
                  │
                  │
           v1.0.0 │
────────────────────────────────────────────────────────────────────────────────
esc back • tab switch tab             Loadouts > Claude Code > starter-loadout
up/down navigate • enter view • ctrl+n/p next/prev