syllago           │Home > Loadouts > Create  (10 of 10)
                  │
  Content         │ Review  |  Preview
  Skills        3 │
  Agents        1 │Review & Create                    │  (no preview)
  MCP Configs   1 │                                   │
  Rules         1 │  Provider: Claude Code            │
  Hooks         1 │  Name: test-loadout               │
  Commands      1 │  Destination: Project (loadouts/ in repo)│
  ─────────────   │                                   │
  Collections     │  No items selected                │
  Library       1 │                                   │
> Loadouts      1 │   Back    Create                  │
  Registries      │                                   │
  ─────────────   │                                   │
  Configuration   │                                   │
  Add             │                                   │
  Update          │                                   │
  Settings        │                                   │
  Sandbox         │                                   │
                  │                                   │
                  │                                   │
                  │                                   │
                  │                                   │
                  │                                   │
                  │                                   │
                  │                                   │
                  │                                   │
                  │                                   │
                  │                                   │
                  │                                   │
                  │                                   │
                  │                                   │
                  │                                   │
                  │                                   │
                  │                                   │
           v1.0.0 │
────────────────────────────────────────────────────────────────────────────────────────────────────────────────────────
left/right buttons • enter confirm • esc back                                                      Loadouts > Create
