syllago           │  Content
                  │
  Content         │╭────────────────────────────────────────────────╮ ╭────────────────────────────────────────────────╮
> Skills        3 ││ Skills (3)                                     │ │ Agents (1)                                     │
  Agents        1 ││ Reusable skill definitions that extend AI tool │ │ Agent configurations with specialized roles    │
  MCP Servers   1 ││ capabilities                                   │ │ and personalities                              │
  Rules         1 │╰────────────────────────────────────────────────╯ ╰────────────────────────────────────────────────╯
  Hooks         1 │╭────────────────────────────────────────────────╮ ╭────────────────────────────────────────────────╮
  Commands      1 ││ MCP Servers (1)                                │ │ Rules (1)                                      │
  ─────────────   ││ Model Context Protocol server configurations   │ │ Rule files that guide AI coding tool behavior  │
  Collections     ││                                                │ │                                                │
  Library       1 │╰────────────────────────────────────────────────╯ ╰────────────────────────────────────────────────╯
  Loadouts      1 │╭────────────────────────────────────────────────╮ ╭────────────────────────────────────────────────╮
  Registries      ││ Hooks (1)                                      │ │ Commands (1)                                   │
  ─────────────   ││ Event-driven hooks for automation and          │ │ Custom slash commands for AI coding tools      │
  Configuration   ││ validation                                     │ │                                                │
  Add             │╰────────────────────────────────────────────────╯ ╰────────────────────────────────────────────────╯
  Update          │
  Settings        │  Collections
  Sandbox         │
                  │╭────────────────────────────────────────────────╮ ╭────────────────────────────────────────────────╮
                  ││ Library (1)                                    │ │ Loadouts (1)                                   │
                  ││ All content across categories in one view      │ │ Curated content bundles for quick session      │
                  ││                                                │ │ setup                                          │
                  │╰────────────────────────────────────────────────╯ ╰────────────────────────────────────────────────╯
                  │╭────────────────────────────────────────────────╮
                  ││ Registries (0)                                 │
                  ││ Manage git-based content sources from your     │
                  ││ team or organization                           │
                  │╰────────────────────────────────────────────────╯
                  │
                  │  Configuration
                  │
                  │╭────────────────────────────────────────────────╮ ╭────────────────────────────────────────────────╮
                  ││ Add                                            │ │ Update                                         │
                  ││ Add content from providers, local files, or    │ │ Check for updates and pull latest changes      │
           v1.0.0 │  (7 lines below)
────────────────────────────────────────────────────────────────────────────────────────────────────────────────────────
tab switch panel • / search • ? help • q quit                                                              syllago
