syllago           │Home > Skills
                  │
  Content         │ [a] Add Skills
> Skills        3 │
  Agents        1 │    Name         Description                         Provider
  MCP Servers   1 │    ───────────  ──────────────────────────────────  ────────
  Rules         1 │  > alpha-skill  A helpful skill
  Hooks         1 │    beta-skill   Another skill
  Commands      1 │    local-skill  [LIBRARY] A library skill with ...
  ─────────────   │
  Collections     │
  Library       1 │
  Loadouts      1 │
  Registries      │
  ─────────────   │
  Configuration   │
  Add             │
  Update          │
  Settings        │
  Sandbox         │
                  │
                  │
                  │
                  │
                  │
                  │
           v1.0.0 │
────────────────────────────────────────────────────────────────────────────────
/ search • enter detail • a add skill • esc back • ? help         Skills
