syllago           │Home > Agents
                  │
  Content         │ [a] Add Agents
  Skills       50 │
> Agents       20 │    Name       Description                           Provider
  MCP Servers  15 │    ─────────  ────────────────────────────────────  ────────
  Rules         0 │  > agent-000  Agent number 0
  Hooks         0 │    agent-001  Agent number 1
  Commands      0 │    agent-002  Agent number 2
  ─────────────   │    agent-003  Agent number 3
  Collections     │    agent-004  Agent number 4
  Library       0 │    agent-005  Agent number 5
  Loadouts      1 │    agent-006  Agent number 6
  Registries      │    agent-007  Agent number 7
  ─────────────   │    agent-008  Agent number 8
  Configuration   │    agent-009  Agent number 9
  Add             │    agent-010  Agent number 10
  Update          │    agent-011  Agent number 11
  Settings        │    agent-012  Agent number 12
  Sandbox         │    agent-013  Agent number 13
                  │    agent-014  Agent number 14
                  │    agent-015  Agent number 15
                  │    agent-016  Agent number 16
                  │    agent-017  Agent number 17
                  │    agent-018  Agent number 18
                  │    agent-019  Agent number 19
           v1.0.0 │
────────────────────────────────────────────────────────────────────────────────
/ search • enter detail • a add agent • esc back • ? help         Agents
