syllago           │Home > Loadouts > Create  (9 of 10)
                  │
  Content         │Choose destination:
  Skills        3 │
  Agents        1 │  > Project (loadouts/ in repo)
  MCP Configs   1 │    Library (~/.syllago/content/loadouts/)
  Rules         1 │
  Hooks         1 │ [enter] Next
  Commands      1 │
  ─────────────   │
  Collections     │
  Library       1 │
> Loadouts      1 │
  Registries      │
  ─────────────   │
  Configuration   │
  Add             │
  Update          │
  Settings        │
  Sandbox         │
                  │
                  │
                  │
                  │
                  │
                  │
           v1.0.0 │
────────────────────────────────────────────────────────────────────────────────
up/down navigate • enter next • esc back                   Loadouts > Create
