syllago           │Home > Registries
                  │
  Content         │ [a] Add Registry   [s] Sync   [r] Remove
  Skills        3 │
  Agents        1 │  No registries configured.
  MCP Servers   1 │
  Rules         1 │  Press a to add a registry.
  Hooks         1 │
  Commands      1 │
  ─────────────   │
  Collections     │
  Library       1 │
  Loadouts      1 │
> Registries      │
  ─────────────   │
  Configuration   │
  Add             │
────────────────────────────────────────────────────────────
arrows navigate • enter browse                  Registries
a add registry • r remove registry • s sync registry • esc
back