syllago           │Home > Library
                  │
  Content         │ [a] Add Content
  Skills        3 │
  Agents        1 │╭────────────────────────────────────────────────╮
  MCP Servers   1 ││ Skills (1)                                     │
  Rules         1 ││ Reusable skill definitions that extend AI tool │
  Hooks         1 ││ capabilities                                   │
  Commands      1 │╰────────────────────────────────────────────────╯
  ─────────────   │
  Collections     │
> Library       1 │
  Loadouts      1 │
  Registries      │
  ─────────────   │
  Configuration   │
  Add             │
  Update          │
  Settings        │
  Sandbox         │
                  │
                  │
                  │
                  │
                  │
                  │
                  │
                  │
                  │
                  │
                  │
                  │
                  │
                  │
                  │
                  │
           v1.0.0 │
────────────────────────────────────────────────────────────────────────────────────────────────────────────────────────
arrows navigate • enter browse • a add content • esc back                                                  Library
